// Jest Snapshot v1, https://goo.gl/fbAQLP

exports[`Cover Persist Proeprty Test: After Persistence Storage is contains changes 1`] = `
Object {
  "store.detailList": "{\\"myBool\\":true,\\"myString\\":\\"mychangedString\\"}",
}
`;

exports[`Cover Persist Proeprty Test: Before Persistence Storage is Empty 1`] = `Object {}`;
